# --------------------------------------------------------------------------------------------------------------------------
# Test script_utilities execute
# --------------------------------------------------------------------------------------------------------------------------

import sysexecute
>>> import sys, os
>>> rootdir = os.path.abspath('.')
>>> sys.path.append(rootdir)
>>> from sysexecute import *

Get the path of the current script
>>> topDir = rootdir
>>> pathParts = topDir.split(os.path.sep)

Transform the test to extract the name from test_current instead of 
print (test_current())

>>> def test_current():
...     return re.sub(r'::.+ \(call\)', '', os.getenv('PYTEST_CURRENT_TEST'))

>>> testFile = test_current()
>>> testFileParts = testFile.split(os.path.sep)
>>> ['tests','test_execute.txt'] == testFileParts[-2:]
True

>>> testDir = os.path.sep.join([rootdir] + testFileParts[:-1])
>>> sourceDirForTests = os.path.join(testDir,'sourcedirfortests')
>>> os.chdir(sourceDirForTests)
>>> set_execute_defaults('cwd', sourceDirForTests)

>>> execute('ls *.txt', captureStdOutStdErr=True)
executing: ls *.txt
file1.txt
file2.txt
(0, 'file1.txt\nfile2.txt\n', '')

>>> execute('ls *.txt', 0, captureStdOutStdErr=False)
executing: ls *.txt
(0, None, None)

>>> execute('ls *.txt', 0, captureStdOutStdErr=True, permitShowingStdOut=False)
executing: ls *.txt
(0, 'file1.txt\nfile2.txt\n', '')

>>> execute('ls *.txt', 0, captureStdOutStdErr=True, permitShowingStdOut=False, dryrun=True)
would execute: ls *.txt
(0, None, None)

>>> execute0('ls *.txt', permitShowingStdOut=False)
executing: ls *.txt
(0, 'file1.txt\nfile2.txt\n', None)

>>> execute('ls *.txt', 0, captureStdOutStdErr=False)
executing: ls *.txt
(0, None, None)

>>> execute('nonExistantCommand *.txt', captureStdOutStdErr=False, ignoreErrors=True, permitShowingStdErr=False)
executing: nonExistantCommand *.txt
(127, None, '/bin/bash: nonExistantCommand: command not found\n')

>>> execute('ls ex*.py', 0, captureStdOutStdErr=True, cwd='../../sysexecute')
(../../sysexecute)executing: ls ex*.py
execute.py
(0, 'execute.py\n', '')

>>> set_execute_defaults('cwd', rootdir)
>>> os.chdir(rootdir)
>>> filterKWArgsForFunc({'cwd':'bob', 'fish':'fowle', 'stdout':'pipe'}, subprocess.Popen)
{'cwd': 'bob', 'stdout': 'pipe'}



#--------------------------------------------------------------------------------------------------------------------------
# Test sleeping
#--------------------------------------------------------------------------------------------------------------------------

# We disable this test since it takes 2 seconds to run which is much longer than all of our other testing combined.
#>>> sleepWithVisualization(2)
#Sleeping for 2 seconds: ..



#--------------------------------------------------------------------------------------------------------------------------
# Test colorize and dryrun
#--------------------------------------------------------------------------------------------------------------------------

>>> printWithVars1('hello', 'green', colorize=False)
hello
>>> printWithVars1('hello', 'green', colorize=False, dryrun=True)
would print:hello



#--------------------------------------------------------------------------------------------------------------------------
# Test variable interpolation
#--------------------------------------------------------------------------------------------------------------------------

>>> vip = '192.168.0.1'
>>> mode = 'stable'
>>> stringWithVars('deploying build {mode} to {vip}')
'deploying build stable to 192.168.0.1'

>>> stringWithVars('deploying to {vip:15} on travis')
'deploying to 192.168.0.1     on travis'
>>> stringWithVars('deploying to {vip:<15} on travis')
'deploying to 192.168.0.1     on travis'
>>> stringWithVars('deploying to {vip:^15} on travis')
'deploying to   192.168.0.1   on travis'
>>> stringWithVars('deploying to {vip:>15} on travis')
'deploying to     192.168.0.1 on travis'

>>> def nob():
...     print(stringWithVars('deploying build {mode} to {vip} via {transport}'))
>>> def rob():
...     transport='ssh'; nob()
>>> rob()
deploying build stable to 192.168.0.1 via ssh

>>> def bob():
...     for transport in ['ssh', 'http']:
...         nob()

>>> bob()
deploying build stable to 192.168.0.1 via ssh
deploying build stable to 192.168.0.1 via http
